
===========================================================================
 report_power
============================================================================
======================= max_ff_n40C_1v95 Corner ===================================

Group                    Internal    Switching      Leakage        Total
                            Power        Power        Power        Power (Watts)
------------------------------------------------------------------------
Sequential           1.419451e-03 1.711465e-04 1.690821e-08 1.590614e-03  19.6%
Combinational        2.147314e-03 2.921000e-03 1.150926e-07 5.068429e-03  62.5%
Clock                4.828376e-04 8.153679e-04 2.380205e-08 1.298229e-03  16.0%
Macro                1.570880e-04 9.223169e-07 2.302500e-09 1.580126e-04   1.9%
Pad                  0.000000e+00 0.000000e+00 0.000000e+00 0.000000e+00   0.0%
------------------------------------------------------------------------
Total                4.206691e-03 3.908438e-03 1.581120e-07 8.115288e-03 100.0%
                            51.8%        48.2%         0.0%

