Clock: clk
Sources: wb_clk_i 
Generated: no
Virtual: yes
Propagated: no
Period: 50.000000

===========================================================================
report_clock_properties
============================================================================
Clock                   Period          Waveform
----------------------------------------------------
clk                  50.000000    0.000000 25.000000

===========================================================================
report_clock_latency
============================================================================
Clock clk
rise -> rise
    min     max
4.650000 5.570000 source latency
6.216366         network latency _09691_/CLK
        7.526178 network latency mprj.synapse_matrix_inst.X1_inst/wb_clk_i
---------------
10.866365 13.096179 latency
        2.229813 skew

fall -> fall
    min     max
4.650000 5.570000 source latency
6.283710         network latency _09691_/CLK
        7.551282 network latency mprj.synapse_matrix_inst.X1_inst/wb_clk_i
---------------
10.933709 13.121283 latency
        2.187573 skew



===========================================================================
report_clock_min_period
============================================================================
clk period_min = 13.24 fmax = 75.52
