
===========================================================================
 report_power
============================================================================
======================= nom_tt_025C_1v80 Corner ===================================

Group                    Internal    Switching      Leakage        Total
                            Power        Power        Power        Power (Watts)
------------------------------------------------------------------------
Sequential           1.224514e-03 1.342936e-04 1.394038e-08 1.358821e-03  20.1%
Combinational        1.859489e-03 2.311142e-03 3.425898e-08 4.170665e-03  61.7%
Clock                4.211154e-04 6.514593e-04 1.484758e-08 1.072590e-03  15.9%
Macro                1.570880e-04 8.819071e-07 2.302500e-09 1.579722e-04   2.3%
Pad                  0.000000e+00 0.000000e+00 0.000000e+00 0.000000e+00   0.0%
------------------------------------------------------------------------
Total                3.662204e-03 3.097779e-03 6.534876e-08 6.760049e-03 100.0%
                            54.2%        45.8%         0.0%

