
===========================================================================
 report_power
============================================================================
======================= min_ss_100C_1v60 Corner ===================================

Group                    Internal    Switching      Leakage        Total
                            Power        Power        Power        Power (Watts)
------------------------------------------------------------------------
Sequential           9.464289e-04 9.812708e-05 2.094334e-05 1.065499e-03  20.3%
Combinational        1.474089e-03 1.689934e-03 4.161165e-05 3.205634e-03  61.0%
Clock                3.453180e-04 4.780216e-04 2.856019e-06 8.261957e-04  15.7%
Macro                1.570880e-04 8.215069e-07 2.302500e-09 1.579118e-04   3.0%
Pad                  0.000000e+00 0.000000e+00 0.000000e+00 0.000000e+00   0.0%
------------------------------------------------------------------------
Total                2.922925e-03 2.266911e-03 6.541218e-05 5.255248e-03 100.0%
                            55.6%        43.1%         1.2%

