
===========================================================================
 report_power
============================================================================
======================= max_ss_100C_1v60 Corner ===================================

Group                    Internal    Switching      Leakage        Total
                            Power        Power        Power        Power (Watts)
------------------------------------------------------------------------
Sequential           9.463557e-04 1.118840e-04 2.094334e-05 1.079183e-03  19.3%
Combinational        1.475504e-03 1.958067e-03 4.161165e-05 3.475183e-03  62.1%
Clock                3.445528e-04 5.399469e-04 2.856019e-06 8.873558e-04  15.8%
Macro                1.570880e-04 9.234994e-07 2.302500e-09 1.580138e-04   2.8%
Pad                  0.000000e+00 0.000000e+00 0.000000e+00 0.000000e+00   0.0%
------------------------------------------------------------------------
Total                2.923501e-03 2.610821e-03 6.541218e-05 5.599734e-03 100.0%
                            52.2%        46.6%         1.2%

