
===========================================================================
 report_power
============================================================================
======================= max_tt_025C_1v80 Corner ===================================

Group                    Internal    Switching      Leakage        Total
                            Power        Power        Power        Power (Watts)
------------------------------------------------------------------------
Sequential           1.224605e-03 1.434330e-04 1.394038e-08 1.368052e-03  19.6%
Combinational        1.860760e-03 2.482555e-03 3.425898e-08 4.343349e-03  62.2%
Clock                4.209637e-04 6.897699e-04 1.484758e-08 1.110748e-03  15.9%
Macro                1.570880e-04 9.228256e-07 2.302500e-09 1.580132e-04   2.3%
Pad                  0.000000e+00 0.000000e+00 0.000000e+00 0.000000e+00   0.0%
------------------------------------------------------------------------
Total                3.663415e-03 3.316681e-03 6.534876e-08 6.980161e-03 100.0%
                            52.5%        47.5%         0.0%

