┏━━━━━━━━━━━━━━━━━━━━━━┳━━━━━━━━━━┳━━━━━━━━━━┳━━━━━━━━━━┳━━━━━━━━━━┳━━━━━━━━━━━┳━━━━━━━━━━┳━━━━━━━━━━━┳━━━━━━━━━━┳━━━━━━━━━━━┳━━━━━━━━━━┳━━━━━━━━━━━┳━━━━━━━━━━┓
┃                      ┃ Hold     ┃ Reg to   ┃          ┃          ┃ of which  ┃ Setup    ┃           ┃          ┃           ┃ of which ┃           ┃          ┃
┃                      ┃ Worst    ┃ Reg      ┃          ┃ Hold Vio ┃ reg to    ┃ Worst    ┃ Reg to    ┃ Setup    ┃ Setup Vio ┃ reg to   ┃ Max Cap   ┃ Max Slew ┃
┃ Corner/Group         ┃ Slack    ┃ Paths    ┃ Hold TNS ┃ Count    ┃ reg       ┃ Slack    ┃ Reg Paths ┃ TNS      ┃ Count     ┃ reg      ┃ Violatio… ┃ Violati… ┃
┡━━━━━━━━━━━━━━━━━━━━━━╇━━━━━━━━━━╇━━━━━━━━━━╇━━━━━━━━━━╇━━━━━━━━━━╇━━━━━━━━━━━╇━━━━━━━━━━╇━━━━━━━━━━━╇━━━━━━━━━━╇━━━━━━━━━━━╇━━━━━━━━━━╇━━━━━━━━━━━╇━━━━━━━━━━┩
│ Overall              │ 0.1619   │ 0.5095   │ 0.0000   │ 0        │ 0         │ 22.8048  │ 23.3231   │ 0.0000   │ 0         │ 0        │ 31        │ 336      │
│ nom_tt_025C_1v80     │ 0.4112   │ 0.9088   │ 0.0000   │ 0        │ 0         │ 23.4586  │ N/A       │ 0.0000   │ 0         │ 0        │ 7         │ 127      │
│ nom_ss_100C_1v60     │ 0.9288   │ 2.0769   │ 0.0000   │ 0        │ 0         │ 22.9443  │ 24.3648   │ 0.0000   │ 0         │ 0        │ 24        │ 276      │
│ nom_ff_n40C_1v95     │ 0.2252   │ 0.5138   │ 0.0000   │ 0        │ 0         │ 23.3751  │ N/A       │ 0.0000   │ 0         │ 0        │ 1         │ 41       │
│ min_tt_025C_1v80     │ 0.5072   │ 0.9021   │ 0.0000   │ 0        │ 0         │ 23.4396  │ N/A       │ 0.0000   │ 0         │ 0        │ 6         │ 75       │
│ min_ss_100C_1v60     │ 1.0803   │ 2.0662   │ 0.0000   │ 0        │ 0         │ 22.9942  │ 27.0939   │ 0.0000   │ 0         │ 0        │ 17        │ 218      │
│ min_ff_n40C_1v95     │ 0.3003   │ 0.5095   │ 0.0000   │ 0        │ 0         │ 23.3530  │ N/A       │ 0.0000   │ 0         │ 0        │ 1         │ 7        │
│ max_tt_025C_1v80     │ 0.3294   │ 0.9203   │ 0.0000   │ 0        │ 0         │ 23.4410  │ N/A       │ 0.0000   │ 0         │ 0        │ 9         │ 154      │
│ max_ss_100C_1v60     │ 0.8360   │ 2.0969   │ 0.0000   │ 0        │ 0         │ 22.8048  │ 23.3231   │ 0.0000   │ 0         │ 0        │ 31        │ 336      │
│ max_ff_n40C_1v95     │ 0.1619   │ 0.5157   │ 0.0000   │ 0        │ 0         │ 23.3810  │ N/A       │ 0.0000   │ 0         │ 0        │ 2         │ 58       │
└──────────────────────┴──────────┴──────────┴──────────┴──────────┴───────────┴──────────┴───────────┴──────────┴───────────┴──────────┴───────────┴──────────┘
