
===========================================================================
 report_power
============================================================================
======================= min_tt_025C_1v80 Corner ===================================

Group                    Internal    Switching      Leakage        Total
                            Power        Power        Power        Power (Watts)
------------------------------------------------------------------------
Sequential           1.224400e-03 1.260219e-04 1.394038e-08 1.350435e-03  20.6%
Combinational        1.858389e-03 2.143197e-03 3.425898e-08 4.001620e-03  61.2%
Clock                4.213015e-04 6.113962e-04 1.484758e-08 1.032713e-03  15.8%
Macro                1.570880e-04 8.208330e-07 2.302500e-09 1.579112e-04   2.4%
Pad                  0.000000e+00 0.000000e+00 0.000000e+00 0.000000e+00   0.0%
------------------------------------------------------------------------
Total                3.661178e-03 2.881434e-03 6.534876e-08 6.542678e-03 100.0%
                            56.0%        44.0%         0.0%

