
===========================================================================
 report_power
============================================================================
======================= nom_ss_100C_1v60 Corner ===================================

Group                    Internal    Switching      Leakage        Total
                            Power        Power        Power        Power (Watts)
------------------------------------------------------------------------
Sequential           9.464147e-04 1.046628e-04 2.094334e-05 1.072021e-03  19.8%
Combinational        1.474793e-03 1.822631e-03 4.161165e-05 3.339035e-03  61.5%
Clock                3.449938e-04 5.096767e-04 2.856019e-06 8.575266e-04  15.8%
Macro                1.570880e-04 8.825810e-07 2.302500e-09 1.579729e-04   2.9%
Pad                  0.000000e+00 0.000000e+00 0.000000e+00 0.000000e+00   0.0%
------------------------------------------------------------------------
Total                2.923294e-03 2.437860e-03 6.541218e-05 5.426566e-03 100.0%
                            53.9%        44.9%         1.2%

